Flutter crash report.
Please report a bug at https://github.com/flutter/flutter/issues.

## command

flutter run

## exception

StateError: Bad state: No element

```
#0      Stream.first.<anonymous closure> (dart:async/stream.dart:1653:32)
<asynchronous suspension>
#1      AnsiTerminal.promptForCharInput (package:flutter_tools/src/base/terminal.dart:390:17)
<asynchronous suspension>
#2      TargetDevices._readUserInput (package:flutter_tools/src/runner/target_devices.dart:363:27)
<asynchronous suspension>
#3      TargetDevices._chooseOneOfAvailableDevices (package:flutter_tools/src/runner/target_devices.dart:346:30)
<asynchronous suspension>
#4      TargetDevices._selectFromMultipleDevices (package:flutter_tools/src/runner/target_devices.dart:316:33)
<asynchronous suspension>
#5      RunCommand.validateCommand (package:flutter_tools/src/commands/run.dart:671:15)
<asynchronous suspension>
#6      FlutterCommand.verifyThenRunCommand (package:flutter_tools/src/runner/flutter_command.dart:1912:5)
<asynchronous suspension>
#7      FlutterCommand.run.<anonymous closure> (package:flutter_tools/src/runner/flutter_command.dart:1590:27)
<asynchronous suspension>
#8      AppContext.run.<anonymous closure> (package:flutter_tools/src/base/context.dart:154:19)
<asynchronous suspension>
#9      CommandRunner.runCommand (package:args/command_runner.dart:212:13)
<asynchronous suspension>
#10     FlutterCommandRunner.runCommand.<anonymous closure> (package:flutter_tools/src/runner/flutter_command_runner.dart:496:9)
<asynchronous suspension>
#11     AppContext.run.<anonymous closure> (package:flutter_tools/src/base/context.dart:154:19)
<asynchronous suspension>
#12     FlutterCommandRunner.runCommand (package:flutter_tools/src/runner/flutter_command_runner.dart:431:5)
<asynchronous suspension>
#13     FlutterCommandRunner.run.<anonymous closure> (package:flutter_tools/src/runner/flutter_command_runner.dart:307:33)
<asynchronous suspension>
#14     run.<anonymous closure>.<anonymous closure> (package:flutter_tools/runner.dart:104:11)
<asynchronous suspension>
#15     AppContext.run.<anonymous closure> (package:flutter_tools/src/base/context.dart:154:19)
<asynchronous suspension>
#16     main (package:flutter_tools/executable.dart:103:3)
<asynchronous suspension>
```

## flutter doctor

```
[31m[☠][39m Flutter (the doctor check crashed)
    [31m✗[39m Due to an error, the doctor check did not complete. If the error message below is not helpful, please let us know about this issue at
      https://github.com/flutter/flutter/issues.
    [31m✗[39m FileSystemException: Cannot resolve symbolic links, path = 'C:\Users\yusuf\Masast\flutter\bin\flutter' (OS Error: Sistem belirtilen yolu bulamıyor, errno = 3)
    [32m•[39m #0      FileSystemEntity._throwIfError (dart:io/file_system_entity.dart:889:7)
      #1      FileSystemEntity.resolveSymbolicLinksSync (dart:io/file_system_entity.dart:375:5)
      #2      ForwardingFileSystemEntity.resolveSymbolicLinksSync (package:file/src/forwarding/forwarding_file_system_entity.dart:56:49)
      #3      ForwardingFileSystemEntity.resolveSymbolicLinksSync (package:file/src/forwarding/forwarding_file_system_entity.dart:56:49)
      #4      FlutterValidator._validateSdkBinary (package:flutter_tools/src/doctor.dart:669:51)
      #5      FlutterValidator._validateRequiredBinaries (package:flutter_tools/src/doctor.dart:652:47)
      #6      FlutterValidator.validateImpl (package:flutter_tools/src/doctor.dart:535:7)
      #7      DoctorValidator.validate (package:flutter_tools/src/doctor_validator.dart:58:43)
      #8      Doctor.startValidatorTasks.<anonymous closure> (package:flutter_tools/src/doctor.dart:202:72)
      #9      asyncGuard.<anonymous closure> (package:flutter_tools/src/base/async_guard.dart:108:32)
      #10     _rootRun (dart:async/zone_root.dart:35:13)
      #11     _CustomZone.run (dart:async/zone.dart:726:19)
      #12     _runZoned (dart:async/zone_api.dart:166:6)
      #13     runZonedGuarded (dart:async/zone_api.dart:152:12)
      #14     asyncGuard (package:flutter_tools/src/base/async_guard.dart:106:3)
      #15     Doctor.startValidatorTasks (package:flutter_tools/src/doctor.dart:192:9)
      #16     DoctorText._validatorTasks (package:flutter_tools/src/doctor.dart:799:60)
      #17     DoctorText._validatorTasks (package:flutter_tools/src/doctor.dart)
      #18     DoctorText._runDiagnosis (package:flutter_tools/src/doctor.dart:804:32)
      #19     DoctorText.text (package:flutter_tools/src/doctor.dart:795:36)
      #20     DoctorText.text (package:flutter_tools/src/doctor.dart)
      #21     _createLocalCrashReport (package:flutter_tools/runner.dart:326:51)
      #22     _handleToolErrorImpl (package:flutter_tools/runner.dart:287:31)
      <asynchronous suspension>
      #23     AppContext.run.<anonymous closure> (package:flutter_tools/src/base/context.dart:154:19)
      <asynchronous suspension>
      #24     main (package:flutter_tools/executable.dart:103:3)
      <asynchronous suspension>


[32m[✓][39m Windows Version (Windows 11 or higher, 25H2, 2009) [2,8s]

[33m[!][39m Android toolchain - develop for Android devices (Android SDK version 36.1.0) [433ms]
    [32m•[39m Android SDK at C:\Users\yusuf\AppData\Local\Android\sdk
    [32m•[39m Emulator version 36.5.11.0 (build_id 15261927) (CL:N/A)
    [31m✗[39m cmdline-tools component is missing.
      Try installing or updating Android Studio.
      Alternatively, download the tools from https://developer.android.com/studio#command-line-tools-only and make sure to set the ANDROID_HOME environment variable.
      See https://developer.android.com/studio/command-line for more details.
    [31m✗[39m Android license status unknown.
      Run `flutter doctor --android-licenses` to accept the SDK licenses.
      See https://flutter.dev/to/windows-android-setup for more details.

[32m[✓][39m Chrome - develop for the web [86ms]
    [32m•[39m Chrome at C:\Program Files\Google\Chrome\Application\chrome.exe

[32m[✓][39m Visual Studio - develop Windows apps (Visual Studio Community 2026 18.5.2) [85ms]
    [32m•[39m Visual Studio at C:\Program Files\Microsoft Visual Studio\18\Community
    [32m•[39m Visual Studio Community 2026 version 18.5.11723.231
    [32m•[39m Windows 10 SDK version 10.0.26100.0

[32m[✓][39m Connected device (3 available) [85ms]
    [32m•[39m Windows (desktop) • windows • windows-x64    • Microsoft Windows [Version 10.0.26200.8457]
    [32m•[39m Chrome (web)      • chrome  • web-javascript • Google Chrome 148.0.7778.168
    [32m•[39m Edge (web)        • edge    • web-javascript • Microsoft Edge 148.0.3967.70

[32m[✓][39m Network resources [512ms]
    [32m•[39m All expected network resources are available.

[33m![39m Doctor found issues in 2 categories.
```
